// Jest Snapshot v1, https://goo.gl/fbAQLP

exports[`Testing Components Data snapshot 1`] = `
<div
  className="card"
>
  <div
    className="card-body"
  >
    <table>
      <thead>
        <tr>
          <th
            scope="col"
          >
            Ticker
          </th>
          <th
            scope="col"
          >
            Exchange
          </th>
          <th
            scope="col"
          >
            Price
          </th>
          <th
            scope="col"
          >
            Change
          </th>
          <th
            scope="col"
          >
            Change Percent
          </th>
          <th
            scope="col"
          >
            Last Trade Time
          </th>
          <th
            scope="col"
          >
            Dividend
          </th>
          <th
            scope="col"
          >
            Yield
          </th>
        </tr>
      </thead>
      <tbody>
        <tr>
          <th
            scope="row"
          >
            AAPL
          </th>
          <th
            scope="row"
          >
            NASDAQ
          </th>
          <th
            scope="row"
          >
            109.79
          </th>
          <th
            scope="row"
          >
            161.21
          </th>
          <th
            scope="row"
          >
            0.55
          </th>
          <th
            scope="row"
          >
            2020-11-10T12:53:18.000Z
          </th>
          <th
            scope="row"
          >
            0.54
          </th>
          <th
            scope="row"
          >
            1.86
          </th>
        </tr>
      </tbody>
    </table>
  </div>
  <div
    className="diff-info"
  >
    <p
      className="red-text"
    >
      NaN
    </p>
    <svg
      aria-hidden="true"
      className="svg-inline--fa fa-arrow-down fa-w-14 "
      data-icon="arrow-down"
      data-prefix="fas"
      focusable="false"
      role="img"
      style={Object {}}
      viewBox="0 0 448 512"
      xmlns="http://www.w3.org/2000/svg"
    >
      <path
        d="M413.1 222.5l22.2 22.2c9.4 9.4 9.4 24.6 0 33.9L241 473c-9.4 9.4-24.6 9.4-33.9 0L12.7 278.6c-9.4-9.4-9.4-24.6 0-33.9l22.2-22.2c9.5-9.5 25-9.3 34.3.4L184 343.4V56c0-13.3 10.7-24 24-24h32c13.3 0 24 10.7 24 24v287.4l114.8-120.5c9.3-9.8 24.8-10 34.3-.4z"
        fill="currentColor"
        style={Object {}}
      />
    </svg>
  </div>
</div>
`;

exports[`Testing Components Renders the connected app with initialState 1`] = `
Array [
  <div
    className="stock-ticker"
  >
    <h1>
      Price Ticker
    </h1>
    <div
      className="card"
    >
      <div
        className="card-body"
      >
        <table>
          <thead>
            <tr>
              <th
                scope="col"
              >
                Ticker
              </th>
              <th
                scope="col"
              >
                Exchange
              </th>
              <th
                scope="col"
              >
                Price
              </th>
              <th
                scope="col"
              >
                Change
              </th>
              <th
                scope="col"
              >
                Change Percent
              </th>
              <th
                scope="col"
              >
                Last Trade Time
              </th>
              <th
                scope="col"
              >
                Dividend
              </th>
              <th
                scope="col"
              >
                Yield
              </th>
            </tr>
          </thead>
          <tbody>
            <tr>
              <th
                scope="row"
              >
                AAPL
              </th>
              <th
                scope="row"
              >
                NASDAQ
              </th>
              <th
                scope="row"
              >
                109.79
              </th>
              <th
                scope="row"
              >
                161.21
              </th>
              <th
                scope="row"
              >
                0.55
              </th>
              <th
                scope="row"
              >
                2020-11-10T12:53:18.000Z
              </th>
              <th
                scope="row"
              >
                0.54
              </th>
              <th
                scope="row"
              >
                1.86
              </th>
            </tr>
          </tbody>
        </table>
      </div>
      <div
        className="diff-info"
      >
        <p
          className="red-text"
        >
          NaN
        </p>
        <svg
          aria-hidden="true"
          className="svg-inline--fa fa-arrow-down fa-w-14 "
          data-icon="arrow-down"
          data-prefix="fas"
          focusable="false"
          role="img"
          style={Object {}}
          viewBox="0 0 448 512"
          xmlns="http://www.w3.org/2000/svg"
        >
          <path
            d="M413.1 222.5l22.2 22.2c9.4 9.4 9.4 24.6 0 33.9L241 473c-9.4 9.4-24.6 9.4-33.9 0L12.7 278.6c-9.4-9.4-9.4-24.6 0-33.9l22.2-22.2c9.5-9.5 25-9.3 34.3.4L184 343.4V56c0-13.3 10.7-24 24-24h32c13.3 0 24 10.7 24 24v287.4l114.8-120.5c9.3-9.8 24.8-10 34.3-.4z"
            fill="currentColor"
            style={Object {}}
          />
        </svg>
      </div>
    </div>
  </div>,
  " ",
]
`;
